
> new-folder@0.0.0 build
> tsc -b && vite build

src/App.tsx(5,27): error TS2307: Cannot find module './presentation/layout/AppLayout' or its corresponding type declarations.
src/App.tsx(6,28): error TS2307: Cannot find module './presentation/screens/HomeScreen' or its corresponding type declarations.
src/App.tsx(9,30): error TS2307: Cannot find module './presentation/screens/AlertsScreen' or its corresponding type declarations.
src/App.tsx(11,30): error TS2307: Cannot find module './presentation/screens/DetailScreen' or its corresponding type declarations.
src/App.tsx(13,33): error TS2307: Cannot find module './presentation/screens/AllotmentScreen' or its corresponding type declarations.
src/presentation/screens/NewsScreen.tsx(4,21): error TS6133: 'ExternalLink' is declared but its value is never read.
